\BOOKMARK [0][-]{chapter.1}{\376\377\0001\000\040\000D\000i\000r\000e\000c\000t\000o\000r\000y\000\040\000H\000i\000e\000r\000a\000r\000c\000h\000y}{}% 1
\BOOKMARK [1][-]{section.1.1}{\376\377\0001\000.\0001\000\040\000D\000i\000r\000e\000c\000t\000o\000r\000i\000e\000s}{chapter.1}% 2
\BOOKMARK [0][-]{chapter.2}{\376\377\0002\000\040\000H\000i\000e\000r\000a\000r\000c\000h\000i\000c\000a\000l\000\040\000I\000n\000d\000e\000x}{}% 3
\BOOKMARK [1][-]{section.2.1}{\376\377\0002\000.\0001\000\040\000C\000l\000a\000s\000s\000\040\000H\000i\000e\000r\000a\000r\000c\000h\000y}{chapter.2}% 4
\BOOKMARK [0][-]{chapter.3}{\376\377\0003\000\040\000C\000l\000a\000s\000s\000\040\000I\000n\000d\000e\000x}{}% 5
\BOOKMARK [1][-]{section.3.1}{\376\377\0003\000.\0001\000\040\000C\000l\000a\000s\000s\000\040\000L\000i\000s\000t}{chapter.3}% 6
\BOOKMARK [0][-]{chapter.4}{\376\377\0004\000\040\000F\000i\000l\000e\000\040\000I\000n\000d\000e\000x}{}% 7
\BOOKMARK [1][-]{section.4.1}{\376\377\0004\000.\0001\000\040\000F\000i\000l\000e\000\040\000L\000i\000s\000t}{chapter.4}% 8
\BOOKMARK [0][-]{chapter.5}{\376\377\0005\000\040\000D\000i\000r\000e\000c\000t\000o\000r\000y\000\040\000D\000o\000c\000u\000m\000e\000n\000t\000a\000t\000i\000o\000n}{}% 9
\BOOKMARK [1][-]{section.5.1}{\376\377\0005\000.\0001\000\040\000i\000n\000c\000l\000u\000d\000e\000\040\000D\000i\000r\000e\000c\000t\000o\000r\000y\000\040\000R\000e\000f\000e\000r\000e\000n\000c\000e}{chapter.5}% 10
\BOOKMARK [1][-]{section.5.2}{\376\377\0005\000.\0002\000\040\000s\000r\000c\000\040\000D\000i\000r\000e\000c\000t\000o\000r\000y\000\040\000R\000e\000f\000e\000r\000e\000n\000c\000e}{chapter.5}% 11
\BOOKMARK [0][-]{chapter.6}{\376\377\0006\000\040\000C\000l\000a\000s\000s\000\040\000D\000o\000c\000u\000m\000e\000n\000t\000a\000t\000i\000o\000n}{}% 12
\BOOKMARK [1][-]{section.6.1}{\376\377\0006\000.\0001\000\040\000S\000t\000u\000d\000e\000n\000t\000a\000s\000\040\000C\000l\000a\000s\000s\000\040\000R\000e\000f\000e\000r\000e\000n\000c\000e}{chapter.6}% 13
\BOOKMARK [2][-]{subsection.6.1.1}{\376\377\0006\000.\0001\000.\0001\000\040\000D\000e\000t\000a\000i\000l\000e\000d\000\040\000D\000e\000s\000c\000r\000i\000p\000t\000i\000o\000n}{section.6.1}% 14
\BOOKMARK [2][-]{subsection.6.1.2}{\376\377\0006\000.\0001\000.\0002\000\040\000C\000o\000n\000s\000t\000r\000u\000c\000t\000o\000r\000\040\000\046\000\040\000D\000e\000s\000t\000r\000u\000c\000t\000o\000r\000\040\000D\000o\000c\000u\000m\000e\000n\000t\000a\000t\000i\000o\000n}{section.6.1}% 15
\BOOKMARK [3][-]{subsubsection.6.1.2.1}{\376\377\0006\000.\0001\000.\0002\000.\0001\000\040\000S\000t\000u\000d\000e\000n\000t\000a\000s\000\050\000\051\000\040\000[\0001\000/\0003\000]}{subsection.6.1.2}% 16
\BOOKMARK [3][-]{subsubsection.6.1.2.2}{\376\377\0006\000.\0001\000.\0002\000.\0002\000\040\000~\000S\000t\000u\000d\000e\000n\000t\000a\000s\000\050\000\051}{subsection.6.1.2}% 17
\BOOKMARK [3][-]{subsubsection.6.1.2.3}{\376\377\0006\000.\0001\000.\0002\000.\0003\000\040\000S\000t\000u\000d\000e\000n\000t\000a\000s\000\050\000\051\000\040\000[\0002\000/\0003\000]}{subsection.6.1.2}% 18
\BOOKMARK [3][-]{subsubsection.6.1.2.4}{\376\377\0006\000.\0001\000.\0002\000.\0004\000\040\000S\000t\000u\000d\000e\000n\000t\000a\000s\000\050\000\051\000\040\000[\0003\000/\0003\000]}{subsection.6.1.2}% 19
\BOOKMARK [2][-]{subsection.6.1.3}{\376\377\0006\000.\0001\000.\0003\000\040\000M\000e\000m\000b\000e\000r\000\040\000F\000u\000n\000c\000t\000i\000o\000n\000\040\000D\000o\000c\000u\000m\000e\000n\000t\000a\000t\000i\000o\000n}{section.6.1}% 20
\BOOKMARK [3][-]{subsubsection.6.1.3.1}{\376\377\0006\000.\0001\000.\0003\000.\0001\000\040\000g\000e\000t\000E\000g\000z\000\050\000\051}{subsection.6.1.3}% 21
\BOOKMARK [3][-]{subsubsection.6.1.3.2}{\376\377\0006\000.\0001\000.\0003\000.\0002\000\040\000g\000e\000t\000G\000a\000l\000u\000t\000i\000n\000i\000s\000M\000e\000d\000\050\000\051}{subsection.6.1.3}% 22
\BOOKMARK [3][-]{subsubsection.6.1.3.3}{\376\377\0006\000.\0001\000.\0003\000.\0003\000\040\000g\000e\000t\000G\000a\000l\000u\000t\000i\000n\000i\000s\000V\000i\000d\000\050\000\051}{subsection.6.1.3}% 23
\BOOKMARK [3][-]{subsubsection.6.1.3.4}{\376\377\0006\000.\0001\000.\0003\000.\0004\000\040\000g\000e\000t\000P\000a\000v\000a\000r\000d\000e\000\050\000\051}{subsection.6.1.3}% 24
\BOOKMARK [3][-]{subsubsection.6.1.3.5}{\376\377\0006\000.\0001\000.\0003\000.\0005\000\040\000g\000e\000t\000P\000a\000z\000\050\000\051}{subsection.6.1.3}% 25
\BOOKMARK [3][-]{subsubsection.6.1.3.6}{\376\377\0006\000.\0001\000.\0003\000.\0006\000\040\000g\000e\000t\000R\000e\000z\000\050\000\051}{subsection.6.1.3}% 26
\BOOKMARK [3][-]{subsubsection.6.1.3.7}{\376\377\0006\000.\0001\000.\0003\000.\0007\000\040\000g\000e\000t\000V\000a\000r\000d\000a\000s\000\050\000\051}{subsection.6.1.3}% 27
\BOOKMARK [3][-]{subsubsection.6.1.3.8}{\376\377\0006\000.\0001\000.\0003\000.\0008\000\040\000i\000s\000v\000a\000l\000y\000t\000i\000P\000a\000z\000\050\000\051}{subsection.6.1.3}% 28
\BOOKMARK [3][-]{subsubsection.6.1.3.9}{\376\377\0006\000.\0001\000.\0003\000.\0009\000\040\000o\000p\000e\000r\000a\000t\000o\000r\000=\000\050\000\051\000\040\000[\0001\000/\0002\000]}{subsection.6.1.3}% 29
\BOOKMARK [3][-]{subsubsection.6.1.3.10}{\376\377\0006\000.\0001\000.\0003\000.\0001\0000\000\040\000o\000p\000e\000r\000a\000t\000o\000r\000=\000\050\000\051\000\040\000[\0002\000/\0002\000]}{subsection.6.1.3}% 30
\BOOKMARK [3][-]{subsubsection.6.1.3.11}{\376\377\0006\000.\0001\000.\0003\000.\0001\0001\000\040\000p\000r\000i\000d\000e\000t\000i\000P\000a\000z\000\050\000\051}{subsection.6.1.3}% 31
\BOOKMARK [3][-]{subsubsection.6.1.3.12}{\376\377\0006\000.\0001\000.\0003\000.\0001\0002\000\040\000p\000r\000i\000n\000t\000\050\000\051}{subsection.6.1.3}% 32
\BOOKMARK [3][-]{subsubsection.6.1.3.13}{\376\377\0006\000.\0001\000.\0003\000.\0001\0003\000\040\000r\000e\000a\000d\000\050\000\051}{subsection.6.1.3}% 33
\BOOKMARK [3][-]{subsubsection.6.1.3.14}{\376\377\0006\000.\0001\000.\0003\000.\0001\0004\000\040\000s\000e\000t\000E\000g\000z\000\050\000\051}{subsection.6.1.3}% 34
\BOOKMARK [3][-]{subsubsection.6.1.3.15}{\376\377\0006\000.\0001\000.\0003\000.\0001\0005\000\040\000s\000e\000t\000G\000a\000l\000u\000t\000i\000n\000i\000s\000M\000e\000d\000\050\000\051}{subsection.6.1.3}% 35
\BOOKMARK [3][-]{subsubsection.6.1.3.16}{\376\377\0006\000.\0001\000.\0003\000.\0001\0006\000\040\000s\000e\000t\000G\000a\000l\000u\000t\000i\000n\000i\000s\000V\000i\000d\000\050\000\051}{subsection.6.1.3}% 36
\BOOKMARK [3][-]{subsubsection.6.1.3.17}{\376\377\0006\000.\0001\000.\0003\000.\0001\0007\000\040\000s\000e\000t\000P\000a\000v\000a\000r\000d\000e\000\050\000\051}{subsection.6.1.3}% 37
\BOOKMARK [3][-]{subsubsection.6.1.3.18}{\376\377\0006\000.\0001\000.\0003\000.\0001\0008\000\040\000s\000e\000t\000P\000a\000z\000\050\000\051}{subsection.6.1.3}% 38
\BOOKMARK [3][-]{subsubsection.6.1.3.19}{\376\377\0006\000.\0001\000.\0003\000.\0001\0009\000\040\000s\000e\000t\000R\000e\000z\000\050\000\051}{subsection.6.1.3}% 39
\BOOKMARK [3][-]{subsubsection.6.1.3.20}{\376\377\0006\000.\0001\000.\0003\000.\0002\0000\000\040\000s\000e\000t\000V\000a\000r\000d\000a\000s\000\050\000\051}{subsection.6.1.3}% 40
\BOOKMARK [2][-]{subsection.6.1.4}{\376\377\0006\000.\0001\000.\0004\000\040\000M\000e\000m\000b\000e\000r\000\040\000D\000a\000t\000a\000\040\000D\000o\000c\000u\000m\000e\000n\000t\000a\000t\000i\000o\000n}{section.6.1}% 41
\BOOKMARK [3][-]{subsubsection.6.1.4.1}{\376\377\0006\000.\0001\000.\0004\000.\0001\000\040\000e\000g\000z}{subsection.6.1.4}% 42
\BOOKMARK [3][-]{subsubsection.6.1.4.2}{\376\377\0006\000.\0001\000.\0004\000.\0002\000\040\000g\000a\000l\000u\000t\000i\000n\000i\000s\000M\000e\000d}{subsection.6.1.4}% 43
\BOOKMARK [3][-]{subsubsection.6.1.4.3}{\376\377\0006\000.\0001\000.\0004\000.\0003\000\040\000g\000a\000l\000u\000t\000i\000n\000i\000s\000V\000i\000d}{subsection.6.1.4}% 44
\BOOKMARK [3][-]{subsubsection.6.1.4.4}{\376\377\0006\000.\0001\000.\0004\000.\0004\000\040\000p\000a\000z}{subsection.6.1.4}% 45
\BOOKMARK [3][-]{subsubsection.6.1.4.5}{\376\377\0006\000.\0001\000.\0004\000.\0005\000\040\000r\000e\000z}{subsection.6.1.4}% 46
\BOOKMARK [1][-]{section.6.2}{\376\377\0006\000.\0002\000\040\000Z\000m\000o\000g\000u\000s\000\040\000C\000l\000a\000s\000s\000\040\000R\000e\000f\000e\000r\000e\000n\000c\000e}{chapter.6}% 47
\BOOKMARK [2][-]{subsection.6.2.1}{\376\377\0006\000.\0002\000.\0001\000\040\000D\000e\000t\000a\000i\000l\000e\000d\000\040\000D\000e\000s\000c\000r\000i\000p\000t\000i\000o\000n}{section.6.2}% 48
\BOOKMARK [2][-]{subsection.6.2.2}{\376\377\0006\000.\0002\000.\0002\000\040\000C\000o\000n\000s\000t\000r\000u\000c\000t\000o\000r\000\040\000\046\000\040\000D\000e\000s\000t\000r\000u\000c\000t\000o\000r\000\040\000D\000o\000c\000u\000m\000e\000n\000t\000a\000t\000i\000o\000n}{section.6.2}% 49
\BOOKMARK [3][-]{subsubsection.6.2.2.1}{\376\377\0006\000.\0002\000.\0002\000.\0001\000\040\000Z\000m\000o\000g\000u\000s\000\050\000\051\000\040\000[\0001\000/\0003\000]}{subsection.6.2.2}% 50
\BOOKMARK [3][-]{subsubsection.6.2.2.2}{\376\377\0006\000.\0002\000.\0002\000.\0002\000\040\000Z\000m\000o\000g\000u\000s\000\050\000\051\000\040\000[\0002\000/\0003\000]}{subsection.6.2.2}% 51
\BOOKMARK [3][-]{subsubsection.6.2.2.3}{\376\377\0006\000.\0002\000.\0002\000.\0003\000\040\000Z\000m\000o\000g\000u\000s\000\050\000\051\000\040\000[\0003\000/\0003\000]}{subsection.6.2.2}% 52
\BOOKMARK [3][-]{subsubsection.6.2.2.4}{\376\377\0006\000.\0002\000.\0002\000.\0004\000\040\000~\000Z\000m\000o\000g\000u\000s\000\050\000\051}{subsection.6.2.2}% 53
\BOOKMARK [2][-]{subsection.6.2.3}{\376\377\0006\000.\0002\000.\0003\000\040\000M\000e\000m\000b\000e\000r\000\040\000F\000u\000n\000c\000t\000i\000o\000n\000\040\000D\000o\000c\000u\000m\000e\000n\000t\000a\000t\000i\000o\000n}{section.6.2}% 54
\BOOKMARK [3][-]{subsubsection.6.2.3.1}{\376\377\0006\000.\0002\000.\0003\000.\0001\000\040\000g\000e\000t\000P\000a\000v\000a\000r\000d\000e\000\050\000\051}{subsection.6.2.3}% 55
\BOOKMARK [3][-]{subsubsection.6.2.3.2}{\376\377\0006\000.\0002\000.\0003\000.\0002\000\040\000g\000e\000t\000V\000a\000r\000d\000a\000s\000\050\000\051}{subsection.6.2.3}% 56
\BOOKMARK [3][-]{subsubsection.6.2.3.3}{\376\377\0006\000.\0002\000.\0003\000.\0003\000\040\000p\000r\000i\000n\000t\000\050\000\051}{subsection.6.2.3}% 57
\BOOKMARK [3][-]{subsubsection.6.2.3.4}{\376\377\0006\000.\0002\000.\0003\000.\0004\000\040\000r\000e\000a\000d\000\050\000\051}{subsection.6.2.3}% 58
\BOOKMARK [3][-]{subsubsection.6.2.3.5}{\376\377\0006\000.\0002\000.\0003\000.\0005\000\040\000s\000e\000t\000P\000a\000v\000a\000r\000d\000e\000\050\000\051}{subsection.6.2.3}% 59
\BOOKMARK [3][-]{subsubsection.6.2.3.6}{\376\377\0006\000.\0002\000.\0003\000.\0006\000\040\000s\000e\000t\000V\000a\000r\000d\000a\000s\000\050\000\051}{subsection.6.2.3}% 60
\BOOKMARK [2][-]{subsection.6.2.4}{\376\377\0006\000.\0002\000.\0004\000\040\000F\000r\000i\000e\000n\000d\000s\000\040\000A\000n\000d\000\040\000R\000e\000l\000a\000t\000e\000d\000\040\000S\000y\000m\000b\000o\000l\000\040\000D\000o\000c\000u\000m\000e\000n\000t\000a\000t\000i\000o\000n}{section.6.2}% 61
\BOOKMARK [3][-]{subsubsection.6.2.4.1}{\376\377\0006\000.\0002\000.\0004\000.\0001\000\040\000o\000p\000e\000r\000a\000t\000o\000r\000<\000<}{subsection.6.2.4}% 62
\BOOKMARK [3][-]{subsubsection.6.2.4.2}{\376\377\0006\000.\0002\000.\0004\000.\0002\000\040\000o\000p\000e\000r\000a\000t\000o\000r\000>\000>}{subsection.6.2.4}% 63
\BOOKMARK [2][-]{subsection.6.2.5}{\376\377\0006\000.\0002\000.\0005\000\040\000M\000e\000m\000b\000e\000r\000\040\000D\000a\000t\000a\000\040\000D\000o\000c\000u\000m\000e\000n\000t\000a\000t\000i\000o\000n}{section.6.2}% 64
\BOOKMARK [3][-]{subsubsection.6.2.5.1}{\376\377\0006\000.\0002\000.\0005\000.\0001\000\040\000p\000a\000v\000a\000r\000d\000e}{subsection.6.2.5}% 65
\BOOKMARK [3][-]{subsubsection.6.2.5.2}{\376\377\0006\000.\0002\000.\0005\000.\0002\000\040\000v\000a\000r\000d\000a\000s}{subsection.6.2.5}% 66
\BOOKMARK [0][-]{chapter.7}{\376\377\0007\000\040\000F\000i\000l\000e\000\040\000D\000o\000c\000u\000m\000e\000n\000t\000a\000t\000i\000o\000n}{}% 67
\BOOKMARK [1][-]{section.7.1}{\376\377\0007\000.\0001\000\040\000i\000n\000c\000l\000u\000d\000e\000/\000f\000u\000n\000k\000c\000i\000j\000o\000s\000.\000h\000\040\000F\000i\000l\000e\000\040\000R\000e\000f\000e\000r\000e\000n\000c\000e}{chapter.7}% 68
\BOOKMARK [2][-]{subsection.7.1.1}{\376\377\0007\000.\0001\000.\0001\000\040\000F\000u\000n\000c\000t\000i\000o\000n\000\040\000D\000o\000c\000u\000m\000e\000n\000t\000a\000t\000i\000o\000n}{section.7.1}% 69
\BOOKMARK [3][-]{subsubsection.7.1.1.1}{\376\377\0007\000.\0001\000.\0001\000.\0001\000\040\000g\000e\000n\000e\000r\000u\000o\000t\000i\000F\000a\000i\000l\000a\000\050\000\051}{subsection.7.1.1}% 70
\BOOKMARK [3][-]{subsubsection.7.1.1.2}{\376\377\0007\000.\0001\000.\0001\000.\0002\000\040\000i\000n\000p\000u\000t\000a\000s\000\050\000\051}{subsection.7.1.1}% 71
\BOOKMARK [3][-]{subsubsection.7.1.1.3}{\376\377\0007\000.\0001\000.\0001\000.\0003\000\040\000l\000a\000i\000k\000o\000S\000k\000a\000i\000c\000i\000a\000v\000i\000m\000a\000s\000\050\000\051}{subsection.7.1.1}% 72
\BOOKMARK [3][-]{subsubsection.7.1.1.4}{\376\377\0007\000.\0001\000.\0001\000.\0004\000\040\000m\000e\000d\000i\000a\000n\000a\000\050\000\051}{subsection.7.1.1}% 73
\BOOKMARK [3][-]{subsubsection.7.1.1.5}{\376\377\0007\000.\0001\000.\0001\000.\0005\000\040\000n\000u\000s\000k\000a\000i\000t\000y\000m\000a\000s\000\050\000\051}{subsection.7.1.1}% 74
\BOOKMARK [3][-]{subsubsection.7.1.1.6}{\376\377\0007\000.\0001\000.\0001\000.\0006\000\040\000o\000u\000t\000p\000u\000t\000a\000s\000\050\000\051}{subsection.7.1.1}% 75
\BOOKMARK [3][-]{subsubsection.7.1.1.7}{\376\377\0007\000.\0001\000.\0001\000.\0007\000\040\000p\000a\000d\000a\000l\000i\000n\000t\000i\000S\000t\000u\000d\000e\000n\000t\000u\000s\0001\000\050\000\051}{subsection.7.1.1}% 76
\BOOKMARK [3][-]{subsubsection.7.1.1.8}{\376\377\0007\000.\0001\000.\0001\000.\0008\000\040\000p\000a\000d\000a\000l\000i\000n\000t\000i\000S\000t\000u\000d\000e\000n\000t\000u\000s\0002\000\050\000\051}{subsection.7.1.1}% 77
\BOOKMARK [3][-]{subsubsection.7.1.1.9}{\376\377\0007\000.\0001\000.\0001\000.\0009\000\040\000p\000a\000d\000a\000l\000i\000n\000t\000i\000S\000t\000u\000d\000e\000n\000t\000u\000s\0003\000\050\000\051}{subsection.7.1.1}% 78
\BOOKMARK [3][-]{subsubsection.7.1.1.10}{\376\377\0007\000.\0001\000.\0001\000.\0001\0000\000\040\000r\000u\000s\000i\000a\000v\000i\000m\000a\000s\000\050\000\051}{subsection.7.1.1}% 79
\BOOKMARK [3][-]{subsubsection.7.1.1.11}{\376\377\0007\000.\0001\000.\0001\000.\0001\0001\000\040\000s\000p\000a\000u\000s\000d\000i\000n\000i\000m\000a\000s\000\050\000\051}{subsection.7.1.1}% 80
\BOOKMARK [3][-]{subsubsection.7.1.1.12}{\376\377\0007\000.\0001\000.\0001\000.\0001\0002\000\040\000s\000p\000a\000u\000s\000d\000i\000n\000t\000i\000I\000F\000a\000i\000l\000a\000\050\000\051}{subsection.7.1.1}% 81
\BOOKMARK [3][-]{subsubsection.7.1.1.13}{\376\377\0007\000.\0001\000.\0001\000.\0001\0003\000\040\000t\000y\000r\000i\000m\000a\000s\0001\000\050\000\051}{subsection.7.1.1}% 82
\BOOKMARK [3][-]{subsubsection.7.1.1.14}{\376\377\0007\000.\0001\000.\0001\000.\0001\0004\000\040\000t\000y\000r\000i\000m\000a\000s\0002\000\050\000\051}{subsection.7.1.1}% 83
\BOOKMARK [3][-]{subsubsection.7.1.1.15}{\376\377\0007\000.\0001\000.\0001\000.\0001\0005\000\040\000v\000i\000d\000u\000r\000k\000i\000s\000\050\000\051}{subsection.7.1.1}% 84
\BOOKMARK [1][-]{section.7.2}{\376\377\0007\000.\0002\000\040\000f\000u\000n\000k\000c\000i\000j\000o\000s\000.\000h}{chapter.7}% 85
\BOOKMARK [1][-]{section.7.3}{\376\377\0007\000.\0003\000\040\000i\000n\000c\000l\000u\000d\000e\000/\000S\000t\000u\000d\000e\000n\000t\000a\000s\000.\000h\000\040\000F\000i\000l\000e\000\040\000R\000e\000f\000e\000r\000e\000n\000c\000e}{chapter.7}% 86
\BOOKMARK [2][-]{subsection.7.3.1}{\376\377\0007\000.\0003\000.\0001\000\040\000D\000e\000t\000a\000i\000l\000e\000d\000\040\000D\000e\000s\000c\000r\000i\000p\000t\000i\000o\000n}{section.7.3}% 87
\BOOKMARK [1][-]{section.7.4}{\376\377\0007\000.\0004\000\040\000S\000t\000u\000d\000e\000n\000t\000a\000s\000.\000h}{chapter.7}% 88
\BOOKMARK [1][-]{section.7.5}{\376\377\0007\000.\0005\000\040\000i\000n\000c\000l\000u\000d\000e\000/\000Z\000m\000o\000g\000u\000s\000.\000h\000\040\000F\000i\000l\000e\000\040\000R\000e\000f\000e\000r\000e\000n\000c\000e}{chapter.7}% 89
\BOOKMARK [2][-]{subsection.7.5.1}{\376\377\0007\000.\0005\000.\0001\000\040\000D\000e\000t\000a\000i\000l\000e\000d\000\040\000D\000e\000s\000c\000r\000i\000p\000t\000i\000o\000n}{section.7.5}% 90
\BOOKMARK [1][-]{section.7.6}{\376\377\0007\000.\0006\000\040\000Z\000m\000o\000g\000u\000s\000.\000h}{chapter.7}% 91
\BOOKMARK [1][-]{section.7.7}{\376\377\0007\000.\0007\000\040\000s\000r\000c\000/\000f\000u\000n\000k\000c\000i\000j\000o\000s\000.\000c\000p\000p\000\040\000F\000i\000l\000e\000\040\000R\000e\000f\000e\000r\000e\000n\000c\000e}{chapter.7}% 92
\BOOKMARK [2][-]{subsection.7.7.1}{\376\377\0007\000.\0007\000.\0001\000\040\000F\000u\000n\000c\000t\000i\000o\000n\000\040\000D\000o\000c\000u\000m\000e\000n\000t\000a\000t\000i\000o\000n}{section.7.7}% 93
\BOOKMARK [3][-]{subsubsection.7.7.1.1}{\376\377\0007\000.\0007\000.\0001\000.\0001\000\040\000g\000e\000n\000e\000r\000u\000o\000t\000i\000F\000a\000i\000l\000a\000\050\000\051}{subsection.7.7.1}% 94
\BOOKMARK [3][-]{subsubsection.7.7.1.2}{\376\377\0007\000.\0007\000.\0001\000.\0002\000\040\000i\000n\000p\000u\000t\000a\000s\000\050\000\051}{subsection.7.7.1}% 95
\BOOKMARK [3][-]{subsubsection.7.7.1.3}{\376\377\0007\000.\0007\000.\0001\000.\0003\000\040\000m\000e\000d\000i\000a\000n\000a\000\050\000\051}{subsection.7.7.1}% 96
\BOOKMARK [3][-]{subsubsection.7.7.1.4}{\376\377\0007\000.\0007\000.\0001\000.\0004\000\040\000o\000u\000t\000p\000u\000t\000a\000s\000\050\000\051}{subsection.7.7.1}% 97
\BOOKMARK [3][-]{subsubsection.7.7.1.5}{\376\377\0007\000.\0007\000.\0001\000.\0005\000\040\000s\000p\000a\000u\000s\000d\000i\000n\000i\000m\000a\000s\000\050\000\051}{subsection.7.7.1}% 98
\BOOKMARK [3][-]{subsubsection.7.7.1.6}{\376\377\0007\000.\0007\000.\0001\000.\0006\000\040\000t\000y\000r\000i\000m\000a\000s\0001\000\050\000\051}{subsection.7.7.1}% 99
\BOOKMARK [3][-]{subsubsection.7.7.1.7}{\376\377\0007\000.\0007\000.\0001\000.\0007\000\040\000t\000y\000r\000i\000m\000a\000s\0002\000\050\000\051}{subsection.7.7.1}% 100
\BOOKMARK [3][-]{subsubsection.7.7.1.8}{\376\377\0007\000.\0007\000.\0001\000.\0008\000\040\000v\000i\000d\000u\000r\000k\000i\000s\000\050\000\051}{subsection.7.7.1}% 101
\BOOKMARK [1][-]{section.7.8}{\376\377\0007\000.\0008\000\040\000s\000r\000c\000/\000m\000a\000i\000n\000.\000c\000p\000p\000\040\000F\000i\000l\000e\000\040\000R\000e\000f\000e\000r\000e\000n\000c\000e}{chapter.7}% 102
\BOOKMARK [2][-]{subsection.7.8.1}{\376\377\0007\000.\0008\000.\0001\000\040\000F\000u\000n\000c\000t\000i\000o\000n\000\040\000D\000o\000c\000u\000m\000e\000n\000t\000a\000t\000i\000o\000n}{section.7.8}% 103
\BOOKMARK [3][-]{subsubsection.7.8.1.1}{\376\377\0007\000.\0008\000.\0001\000.\0001\000\040\000m\000a\000i\000n\000\050\000\051}{subsection.7.8.1}% 104
\BOOKMARK [2][-]{subsection.7.8.2}{\376\377\0007\000.\0008\000.\0002\000\040\000V\000a\000r\000i\000a\000b\000l\000e\000\040\000D\000o\000c\000u\000m\000e\000n\000t\000a\000t\000i\000o\000n}{section.7.8}% 105
\BOOKMARK [3][-]{subsubsection.7.8.2.1}{\376\377\0007\000.\0008\000.\0002\000.\0001\000\040\000p\000a\000v\000a\000r\000d\000e\000s}{subsection.7.8.2}% 106
\BOOKMARK [3][-]{subsubsection.7.8.2.2}{\376\377\0007\000.\0008\000.\0002\000.\0002\000\040\000v\000a\000r\000d\000a\000i}{subsection.7.8.2}% 107
\BOOKMARK [0][-]{section*.19}{\376\377\000I\000n\000d\000e\000x}{}% 108
